// Jest Snapshot v1, https://goo.gl/fbAQLP

exports[`<SearchForm /> should match snapchat 1`] = `
<styled.form
  onSubmit={[Function]}
>
  <Styled(styled.h2)>
    Find an Github user
  </Styled(styled.h2)>
  <styled.input
    block={true}
    onChange={[Function]}
    placeholder="Type the username"
    value=""
  />
  <Styled(styled.button)
    block={true}
  >
    Search
  </Styled(styled.button)>
  <Component
    to="/history"
  >
    <styled.a>
      Terms history
    </styled.a>
  </Component>
</styled.form>
`;
