// Jest Snapshot v1, https://goo.gl/fbAQLP

exports[`<IndexView /> should match snapchat 1`] = `
<Fragment>
  <styled.h2>
    Index
  </styled.h2>
  <br />
  <br />
  <br />
  <styled.button>
    Search
  </styled.button>
  <br />
  <br />
  <br />
  <styled.button
    disabled={true}
  >
    Search
  </styled.button>
  <br />
  <br />
  <br />
  <styled.button
    block={true}
  >
    Search
  </styled.button>
  <br />
  <br />
  <br />
  <styled.button
    block={true}
    isLoading={true}
  >
    Search
  </styled.button>
  <br />
  <br />
  <br />
  <styled.button
    block={true}
    disabled={true}
    isLoading={true}
  >
    Search
  </styled.button>
</Fragment>
`;
