// Jest Snapshot v1, https://goo.gl/fbAQLP

exports[`<App /> should match snapchat 1`] = `
<Provider
  store={
    Object {
      "dispatch": [Function],
      "getState": [Function],
      "replaceReducer": [Function],
      "subscribe": [Function],
      Symbol(observable): [Function],
    }
  }
>
  <PersistGate
    loading={null}
    persistor={
      Object {
        "dispatch": [Function],
        "flush": [Function],
        "getState": [Function],
        "pause": [Function],
        "persist": [Function],
        "purge": [Function],
        "replaceReducer": [Function],
        "subscribe": [Function],
        Symbol(observable): [Function],
      }
    }
  >
    <Component
      theme={
        Object {
          "background": Object {
            "color": Object {
              "primary": "#f9f9f9",
              "secondary": "#FFF",
            },
          },
          "border": Object {
            "color": "#969696",
            "radius": "3px",
          },
          "breakpoint": Object {
            "lg": 992,
            "md": 768,
            "sm": 576,
            "xl": 1300,
          },
          "color": Object {
            "black": "#424242",
            "danger": "#FF5B68",
            "gray": "#969696",
            "primary": "#406ae0",
            "secondary": "#eb7338",
            "success": "#2AD178",
            "warning": "#FABD59",
            "white": "#FFF",
          },
          "font": Object {
            "color": Object {
              "primary": "#424242",
              "secondary": "#969696",
            },
            "family": "'Inter', sans-serif",
            "weight": Object {
              "bold": 700,
              "regular": 400,
            },
          },
          "theme": "light",
        }
      }
    >
      <Routes />
    </Component>
  </PersistGate>
</Provider>
`;
