// Jest Snapshot v1, https://goo.gl/fbAQLP

exports[`<Header /> should match snapchat 1`] = `
<styled.header>
  <Styled(styled.div)>
    <styled.div>
      <Link
        to="/"
      >
        <Logo />
      </Link>
    </styled.div>
    <styled.button
      onClick={[MockFunction]}
    >
      <ThemeIcon />
    </styled.button>
  </Styled(styled.div)>
</styled.header>
`;
